// Jest Snapshot v1, https://goo.gl/fbAQLP

exports[`PearsonUsers component should render correctly 1`] = `
ShallowWrapper {
  "length": 1,
  Symbol(enzyme.__root__): [Circular],
  Symbol(enzyme.__unrendered__): <PearsonUsers />,
  Symbol(enzyme.__renderer__): Object {
    "batchedUpdates": [Function],
    "getNode": [Function],
    "render": [Function],
    "simulateEvent": [Function],
    "unmount": [Function],
  },
  Symbol(enzyme.__node__): Object {
    "instance": null,
    "key": undefined,
    "nodeType": "host",
    "props": Object {
      "children": Array [
        <h1
          className="pearson-users__heading"
>
          Pearson User Management
</h1>,
        <div
          className="pearson-users__list"
>
          <UserProfile
                    avatar="https://s3.amazonaws.com/uifaces/faces/twitter/marcoramires/128.jpg"
                    first_name="Eve"
                    id={4}
                    last_name="Holt"
                    onClickDeleteUser={[Function]}
                    position={0}
          />
          <UserProfile
                    avatar="https://s3.amazonaws.com/uifaces/faces/twitter/stephenmoon/128.jpg"
                    first_name="Charles"
                    id={5}
                    last_name="Morris"
                    onClickDeleteUser={[Function]}
                    position={1}
          />
          <UserProfile
                    avatar="https://s3.amazonaws.com/uifaces/faces/twitter/bigmancho/128.jpg"
                    first_name="Tracey"
                    id={6}
                    last_name="Ramos"
                    onClickDeleteUser={[Function]}
                    position={2}
          />
</div>,
        <div
          className="pearson-users__loading"
>
          Loading...
</div>,
      ],
      "className": "pearson-users",
    },
    "ref": null,
    "rendered": Array [
      Object {
        "instance": null,
        "key": undefined,
        "nodeType": "host",
        "props": Object {
          "children": "Pearson User Management",
          "className": "pearson-users__heading",
        },
        "ref": null,
        "rendered": "Pearson User Management",
        "type": "h1",
      },
      Object {
        "instance": null,
        "key": undefined,
        "nodeType": "host",
        "props": Object {
          "children": Array [
            <UserProfile
              avatar="https://s3.amazonaws.com/uifaces/faces/twitter/marcoramires/128.jpg"
              first_name="Eve"
              id={4}
              last_name="Holt"
              onClickDeleteUser={[Function]}
              position={0}
/>,
            <UserProfile
              avatar="https://s3.amazonaws.com/uifaces/faces/twitter/stephenmoon/128.jpg"
              first_name="Charles"
              id={5}
              last_name="Morris"
              onClickDeleteUser={[Function]}
              position={1}
/>,
            <UserProfile
              avatar="https://s3.amazonaws.com/uifaces/faces/twitter/bigmancho/128.jpg"
              first_name="Tracey"
              id={6}
              last_name="Ramos"
              onClickDeleteUser={[Function]}
              position={2}
/>,
          ],
          "className": "pearson-users__list",
        },
        "ref": null,
        "rendered": Array [
          Object {
            "instance": null,
            "key": "0",
            "nodeType": "function",
            "props": Object {
              "avatar": "https://s3.amazonaws.com/uifaces/faces/twitter/marcoramires/128.jpg",
              "first_name": "Eve",
              "id": 4,
              "last_name": "Holt",
              "onClickDeleteUser": [Function],
              "position": 0,
            },
            "ref": null,
            "rendered": null,
            "type": [Function],
          },
          Object {
            "instance": null,
            "key": "1",
            "nodeType": "function",
            "props": Object {
              "avatar": "https://s3.amazonaws.com/uifaces/faces/twitter/stephenmoon/128.jpg",
              "first_name": "Charles",
              "id": 5,
              "last_name": "Morris",
              "onClickDeleteUser": [Function],
              "position": 1,
            },
            "ref": null,
            "rendered": null,
            "type": [Function],
          },
          Object {
            "instance": null,
            "key": "2",
            "nodeType": "function",
            "props": Object {
              "avatar": "https://s3.amazonaws.com/uifaces/faces/twitter/bigmancho/128.jpg",
              "first_name": "Tracey",
              "id": 6,
              "last_name": "Ramos",
              "onClickDeleteUser": [Function],
              "position": 2,
            },
            "ref": null,
            "rendered": null,
            "type": [Function],
          },
        ],
        "type": "div",
      },
      Object {
        "instance": null,
        "key": undefined,
        "nodeType": "host",
        "props": Object {
          "children": "Loading...",
          "className": "pearson-users__loading",
        },
        "ref": null,
        "rendered": "Loading...",
        "type": "div",
      },
    ],
    "type": "div",
  },
  Symbol(enzyme.__nodes__): Array [
    Object {
      "instance": null,
      "key": undefined,
      "nodeType": "host",
      "props": Object {
        "children": Array [
          <h1
            className="pearson-users__heading"
>
            Pearson User Management
</h1>,
          <div
            className="pearson-users__list"
>
            <UserProfile
                        avatar="https://s3.amazonaws.com/uifaces/faces/twitter/marcoramires/128.jpg"
                        first_name="Eve"
                        id={4}
                        last_name="Holt"
                        onClickDeleteUser={[Function]}
                        position={0}
            />
            <UserProfile
                        avatar="https://s3.amazonaws.com/uifaces/faces/twitter/stephenmoon/128.jpg"
                        first_name="Charles"
                        id={5}
                        last_name="Morris"
                        onClickDeleteUser={[Function]}
                        position={1}
            />
            <UserProfile
                        avatar="https://s3.amazonaws.com/uifaces/faces/twitter/bigmancho/128.jpg"
                        first_name="Tracey"
                        id={6}
                        last_name="Ramos"
                        onClickDeleteUser={[Function]}
                        position={2}
            />
</div>,
          <div
            className="pearson-users__loading"
>
            Loading...
</div>,
        ],
        "className": "pearson-users",
      },
      "ref": null,
      "rendered": Array [
        Object {
          "instance": null,
          "key": undefined,
          "nodeType": "host",
          "props": Object {
            "children": "Pearson User Management",
            "className": "pearson-users__heading",
          },
          "ref": null,
          "rendered": "Pearson User Management",
          "type": "h1",
        },
        Object {
          "instance": null,
          "key": undefined,
          "nodeType": "host",
          "props": Object {
            "children": Array [
              <UserProfile
                avatar="https://s3.amazonaws.com/uifaces/faces/twitter/marcoramires/128.jpg"
                first_name="Eve"
                id={4}
                last_name="Holt"
                onClickDeleteUser={[Function]}
                position={0}
/>,
              <UserProfile
                avatar="https://s3.amazonaws.com/uifaces/faces/twitter/stephenmoon/128.jpg"
                first_name="Charles"
                id={5}
                last_name="Morris"
                onClickDeleteUser={[Function]}
                position={1}
/>,
              <UserProfile
                avatar="https://s3.amazonaws.com/uifaces/faces/twitter/bigmancho/128.jpg"
                first_name="Tracey"
                id={6}
                last_name="Ramos"
                onClickDeleteUser={[Function]}
                position={2}
/>,
            ],
            "className": "pearson-users__list",
          },
          "ref": null,
          "rendered": Array [
            Object {
              "instance": null,
              "key": "0",
              "nodeType": "function",
              "props": Object {
                "avatar": "https://s3.amazonaws.com/uifaces/faces/twitter/marcoramires/128.jpg",
                "first_name": "Eve",
                "id": 4,
                "last_name": "Holt",
                "onClickDeleteUser": [Function],
                "position": 0,
              },
              "ref": null,
              "rendered": null,
              "type": [Function],
            },
            Object {
              "instance": null,
              "key": "1",
              "nodeType": "function",
              "props": Object {
                "avatar": "https://s3.amazonaws.com/uifaces/faces/twitter/stephenmoon/128.jpg",
                "first_name": "Charles",
                "id": 5,
                "last_name": "Morris",
                "onClickDeleteUser": [Function],
                "position": 1,
              },
              "ref": null,
              "rendered": null,
              "type": [Function],
            },
            Object {
              "instance": null,
              "key": "2",
              "nodeType": "function",
              "props": Object {
                "avatar": "https://s3.amazonaws.com/uifaces/faces/twitter/bigmancho/128.jpg",
                "first_name": "Tracey",
                "id": 6,
                "last_name": "Ramos",
                "onClickDeleteUser": [Function],
                "position": 2,
              },
              "ref": null,
              "rendered": null,
              "type": [Function],
            },
          ],
          "type": "div",
        },
        Object {
          "instance": null,
          "key": undefined,
          "nodeType": "host",
          "props": Object {
            "children": "Loading...",
            "className": "pearson-users__loading",
          },
          "ref": null,
          "rendered": "Loading...",
          "type": "div",
        },
      ],
      "type": "div",
    },
  ],
  Symbol(enzyme.__options__): Object {
    "adapter": ReactSixteenAdapter {
      "options": Object {
        "enableComponentDidUpdateOnSetState": true,
      },
    },
  },
}
`;
